I'm sorry, but errors were detected in your script. Please correct the
errors listed below, and try again.


File "game/script.rpy", line 138: choice menuitem expects a non-empty block.
    "Pesen mie ayam biasa aja":
                               ^

Ren'Py Version: Ren'Py 8.3.7.25031702
Thu Jan  8 13:02:08 2026
